// Jest Snapshot v1, https://goo.gl/fbAQLP

exports[`Header should match the Header snapshot 1`] = `ShallowWrapper {}`;
