// Jest Snapshot v1, https://goo.gl/fbAQLP

exports[`NavBar should match the NavBar snapshot 1`] = `ShallowWrapper {}`;
