// Jest Snapshot v1, https://goo.gl/fbAQLP

exports[`FavoritesBar should match the FavoritesBar snapshot 1`] = `ShallowWrapper {}`;
