// Jest Snapshot v1, https://goo.gl/fbAQLP

exports[`ScrollContainer should match the ScrollContainer snapshot 1`] = `ShallowWrapper {}`;
